// Jest Snapshot v1, https://goo.gl/fbAQLP

exports[`UserListPage renders correctly 1`] = `
<div>
  <h3>
    Users
  </h3>
  <table
    className="table"
  >
    <thead>
      <tr>
        <th>
          First Name
        </th>
        <th>
          Last Name
        </th>
      </tr>
    </thead>
    <tbody>
      <tr>
        <td>
          Jack
        </td>
        <td>
          Johnson
        </td>
      </tr>
    </tbody>
  </table>
</div>
`;
